2026-06-01 16:57:49,833 - INFO - Request => Symbol=BTCUSDT, Side=BUY, Type=MARKET, Qty=0.001, Price=None
2026-06-01 16:57:50,233 - ERROR - APIError(code=-2015): Invalid API-key, IP, or permissions for action
2026-06-01 16:58:16,915 - INFO - Request => Symbol=BTCUSDT, Side=BUY, Type=MARKET, Qty=0.001, Price=None
2026-06-01 16:58:17,314 - ERROR - APIError(code=-2015): Invalid API-key, IP, or permissions for action
2026-06-01 17:02:14,788 - INFO - Request => Symbol=BTCUSDT, Side=BUY, Type=MARKET, Qty=0.001, Price=None
2026-06-01 17:02:15,177 - ERROR - APIError(code=-1022): Signature for this request is not valid.
2026-06-01 17:03:49,187 - INFO - Request => Symbol=BTCUSDT, Side=BUY, Type=MARKET, Qty=0.001, Price=None
2026-06-01 17:03:49,869 - INFO - Response => {'orderId': 13691408827, 'symbol': 'BTCUSDT', 'status': 'NEW', 'clientOrderId': 'Gd2hqc6sDkvSd053AzG5Vc', 'price': '0.00', 'avgPrice': '0.00', 'origQty': '0.0010', 'executedQty': '0.0000', 'cumQty': '0.0000', 'cumQuote': '0.000000', 'timeInForce': 'GTC', 'type': 'MARKET', 'reduceOnly': False, 'closePosition': False, 'side': 'BUY', 'positionSide': 'BOTH', 'stopPrice': '0.00', 'workingType': 'CONTRACT_PRICE', 'priceProtect': False, 'origType': 'MARKET', 'priceMatch': 'NONE', 'selfTradePreventionMode': 'EXPIRE_MAKER', 'goodTillDate': 0, 'updateTime': 1780313629822}
2026-06-01 17:21:12,122 - INFO - Request => Symbol=BTCUSDT, Side=BUY, Type=MARKET, Qty=0.001, Price=None
2026-06-01 17:21:12,122 - ERROR - API Secret required for private endpoints
2026-06-01 17:31:04,753 - INFO - Request => Symbol=BTCUSDT, Side=BUY, Type=MARKET, Qty=0.001, Price=None
2026-06-01 17:31:04,754 - ERROR - API Secret required for private endpoints
2026-06-01 17:43:16,205 - INFO - Request => Symbol=BTCUSDT, Side=BUY, Type=MARKET, Qty=0.001, Price=None
2026-06-01 17:43:16,205 - ERROR - API Secret required for private endpoints
2026-06-01 17:48:48,936 - INFO - Request => Symbol=BTCUSDT, Side=BUY, Type=MARKET, Qty=0.001, Price=None
2026-06-01 17:48:48,937 - ERROR - API Secret required for private endpoints
2026-06-01 17:49:16,229 - INFO - Request => Symbol=BTCUSDT, Side=BUY, Type=MARKET, Qty=0.001, Price=None
2026-06-01 17:49:16,229 - ERROR - API Secret required for private endpoints
2026-06-01 17:54:41,782 - INFO - Request => Symbol=BTCUSDT, Side=BUY, Type=MARKET, Qty=0.001, Price=None
2026-06-01 17:54:41,782 - ERROR - API Secret required for private endpoints
2026-06-01 17:55:17,495 - INFO - Request => Symbol=BTCUSDT, Side=BUY, Type=MARKET, Qty=0.001, Price=None
2026-06-01 17:55:17,496 - ERROR - API Secret required for private endpoints
2026-06-01 17:55:24,334 - INFO - Request => Symbol=BTCUSDT, Side=BUY, Type=MARKET, Qty=0.001, Price=None
2026-06-01 17:55:24,334 - ERROR - API Secret required for private endpoints
2026-06-01 17:56:23,917 - INFO - Request => Symbol=BTCUSDT, Side=BUY, Type=MARKET, Qty=0.001, Price=None
2026-06-01 17:56:23,917 - ERROR - API Secret required for private endpoints
2026-06-01 18:07:23,363 - INFO - Request => Symbol=BTCUSDT, Side=BUY, Type=MARKET, Qty=0.001, Price=None
2026-06-01 18:07:23,760 - INFO - Response => {'orderId': 13696059043, 'symbol': 'BTCUSDT', 'status': 'NEW', 'clientOrderId': 'hRQmKGt68JbPfRbG7tJF2H', 'price': '0.00', 'avgPrice': '0.00', 'origQty': '0.0010', 'executedQty': '0.0000', 'cumQty': '0.0000', 'cumQuote': '0.000000', 'timeInForce': 'GTC', 'type': 'MARKET', 'reduceOnly': False, 'closePosition': False, 'side': 'BUY', 'positionSide': 'BOTH', 'stopPrice': '0.00', 'workingType': 'CONTRACT_PRICE', 'priceProtect': False, 'origType': 'MARKET', 'priceMatch': 'NONE', 'selfTradePreventionMode': 'EXPIRE_MAKER', 'goodTillDate': 0, 'updateTime': 1780317443644}
2026-06-01 18:09:26,534 - INFO - Request => Symbol=BTCUSDT, Side=BUY, Type=MARKET, Qty=0.001, Price=None
2026-06-01 18:09:26,934 - INFO - Response => {'orderId': 13696193173, 'symbol': 'BTCUSDT', 'status': 'NEW', 'clientOrderId': 'KwbmQ7SKFPvJUVGn0zJQ6U', 'price': '0.00', 'avgPrice': '0.00', 'origQty': '0.0010', 'executedQty': '0.0000', 'cumQty': '0.0000', 'cumQuote': '0.000000', 'timeInForce': 'GTC', 'type': 'MARKET', 'reduceOnly': False, 'closePosition': False, 'side': 'BUY', 'positionSide': 'BOTH', 'stopPrice': '0.00', 'workingType': 'CONTRACT_PRICE', 'priceProtect': False, 'origType': 'MARKET', 'priceMatch': 'NONE', 'selfTradePreventionMode': 'EXPIRE_MAKER', 'goodTillDate': 0, 'updateTime': 1780317566810}
